Collecting unsloth (from -r requirements-train.txt (line 1))
  Downloading unsloth-2026.9.11-py3-none-any.whl.metadata (81 kB)
Collecting pydantic (from -r requirements-train.txt (line 2))
  Downloading pydantic-2.13.5-py3-none-any.whl.metadata (110 kB)
Collecting jsonschema (from -r requirements-train.txt (line 3))
  Downloading jsonschema-4.26.0-py3-none-any.whl.metadata (7.6 kB)
Collecting python-dotenv (from -r requirements-train.txt (line 4))
  Downloading python_dotenv-1.2.3-py3-none-any.whl.metadata (29 kB)
Collecting pandas (from -r requirements-train.txt (line 5))
  Downloading pandas-3.0.6-cp312-cp312-manylinux_2_24_x86_64.manylinux_2_28_x86_64.whl.metadata (79 kB)
Collecting tqdm (from -r requirements-train.txt (line 6))
  Downloading tqdm-4.70.1-py3-none-any.whl.metadata (57 kB)
Collecting unsloth_zoo>=2026.9.7 (from unsloth->-r requirements-train.txt (line 1))
  Downloading unsloth_zoo-2026.9.7-py3-none-any.whl.metadata (33 kB)
Requirement already satisfied: wheel>=0.42.0 in ./.venv/lib/python3.12/site-packages (from unsloth->-r requirements-train.txt (line 1)) (0.48.0)
Requirement already satisfied: packaging in ./.venv/lib/python3.12/site-packages (from unsloth->-r requirements-train.txt (line 1)) (26.3)
Collecting torch<2.13.0,>=2.4.0 (from unsloth->-r requirements-train.txt (line 1))
  Downloading torch-2.12.1-cp312-cp312-manylinux_2_28_x86_64.whl.metadata (31 kB)
Collecting torchvision (from unsloth->-r requirements-train.txt (line 1))
  Downloading torchvision-0.29.0-cp312-cp312-manylinux_2_28_x86_64.whl.metadata (5.7 kB)
Collecting numpy (from unsloth->-r requirements-train.txt (line 1))
  Downloading numpy-2.5.3-cp312-cp312-manylinux_2_27_x86_64.manylinux_2_28_x86_64.whl.metadata (6.6 kB)
Collecting psutil (from unsloth->-r requirements-train.txt (line 1))
  Downloading psutil-7.2.2-cp36-abi3-manylinux2010_x86_64.manylinux_2_12_x86_64.manylinux_2_28_x86_64.whl.metadata (22 kB)
Collecting tyro (from unsloth->-r requirements-train.txt (line 1))
  Downloading tyro-1.0.16-py3-none-any.whl.metadata (12 kB)
Collecting protobuf (from unsloth->-r requirements-train.txt (line 1))
  Downloading protobuf-7.36.2-cp310-abi3-manylinux2014_x86_64.whl.metadata (595 bytes)
Collecting xformers>=0.0.27.post2 (from unsloth->-r requirements-train.txt (line 1))
  Downloading xformers-0.0.35-py39-none-manylinux_2_28_x86_64.whl.metadata (1.2 kB)
Collecting bitsandbytes!=0.46.0,!=0.48.0,>=0.45.5 (from unsloth->-r requirements-train.txt (line 1))
  Downloading bitsandbytes-0.50.2-py3-none-manylinux_2_24_x86_64.whl.metadata (10 kB)
Collecting triton>=3.0.0 (from unsloth->-r requirements-train.txt (line 1))
  Downloading triton-3.8.0-cp312-cp312-manylinux_2_27_x86_64.manylinux_2_28_x86_64.whl.metadata (978 bytes)
Collecting sentencepiece>=0.2.0 (from unsloth->-r requirements-train.txt (line 1))
  Downloading sentencepiece-0.2.2-cp312-cp312-manylinux_2_27_x86_64.manylinux_2_28_x86_64.whl.metadata (33 kB)
Collecting datasets!=4.0.*,!=4.1.0,<4.4.0,>=3.4.1 (from unsloth->-r requirements-train.txt (line 1))
  Downloading datasets-4.3.0-py3-none-any.whl.metadata (18 kB)
Collecting accelerate>=0.34.1 (from unsloth->-r requirements-train.txt (line 1))
  Downloading accelerate-1.15.0-py3-none-any.whl.metadata (19 kB)
Collecting peft!=0.11.0,>=0.18.0 (from unsloth->-r requirements-train.txt (line 1))
  Downloading peft-0.21.0-py3-none-any.whl.metadata (15 kB)
Collecting huggingface_hub>=0.34.0 (from unsloth->-r requirements-train.txt (line 1))
  Downloading huggingface_hub-2.0.0-py3-none-any.whl.metadata (16 kB)
Collecting hf_transfer (from unsloth->-r requirements-train.txt (line 1))
  Downloading hf_transfer-0.1.9-cp38-abi3-manylinux_2_17_x86_64.manylinux2014_x86_64.whl.metadata (1.7 kB)
Collecting diffusers (from unsloth->-r requirements-train.txt (line 1))
  Downloading diffusers-0.40.0-py3-none-any.whl.metadata (20 kB)
Collecting transformers!=4.52.0,!=4.52.1,!=4.52.2,!=4.52.3,!=4.53.0,!=4.54.0,!=4.55.0,!=4.55.1,!=4.57.0,!=4.57.4,!=4.57.5,!=5.0.0,!=5.1.0,<=5.5.0,>=4.51.3 (from unsloth->-r requirements-train.txt (line 1))
  Downloading transformers-5.5.0-py3-none-any.whl.metadata (32 kB)
Collecting trl!=0.19.0,<=0.24.0,>=0.18.2 (from unsloth->-r requirements-train.txt (line 1))
  Downloading trl-0.24.0-py3-none-any.whl.metadata (11 kB)
Collecting typer>=0.12.0 (from unsloth->-r requirements-train.txt (line 1))
  Downloading typer-0.27.2-py3-none-any.whl.metadata (16 kB)
Collecting pyyaml (from unsloth->-r requirements-train.txt (line 1))
  Downloading pyyaml-6.0.3-cp312-cp312-manylinux2014_x86_64.manylinux_2_17_x86_64.manylinux_2_28_x86_64.whl.metadata (2.4 kB)
Collecting nest-asyncio (from unsloth->-r requirements-train.txt (line 1))
  Downloading nest_asyncio-1.6.0-py3-none-any.whl.metadata (2.8 kB)
Collecting structlog>=24.1.0 (from unsloth->-r requirements-train.txt (line 1))
  Downloading structlog-26.1.0-py3-none-any.whl.metadata (9.7 kB)
Collecting click>=8.0 (from unsloth->-r requirements-train.txt (line 1))
  Downloading click-8.5.0-py3-none-any.whl.metadata (2.6 kB)
Collecting rich (from unsloth->-r requirements-train.txt (line 1))
  Downloading rich-15.0.0-py3-none-any.whl.metadata (18 kB)
Collecting filelock (from datasets!=4.0.*,!=4.1.0,<4.4.0,>=3.4.1->unsloth->-r requirements-train.txt (line 1))
  Downloading filelock-4.0.3-py3-none-any.whl.metadata (2.0 kB)
Collecting pyarrow>=21.0.0 (from datasets!=4.0.*,!=4.1.0,<4.4.0,>=3.4.1->unsloth->-r requirements-train.txt (line 1))
  Downloading pyarrow-25.0.1-cp312-cp312-manylinux_2_28_x86_64.whl.metadata (3.0 kB)
Collecting dill<0.4.1,>=0.3.0 (from datasets!=4.0.*,!=4.1.0,<4.4.0,>=3.4.1->unsloth->-r requirements-train.txt (line 1))
  Downloading dill-0.4.0-py3-none-any.whl.metadata (10 kB)
Collecting requests>=2.32.2 (from datasets!=4.0.*,!=4.1.0,<4.4.0,>=3.4.1->unsloth->-r requirements-train.txt (line 1))
  Downloading requests-2.34.2-py3-none-any.whl.metadata (4.8 kB)
Collecting httpx<1.0.0 (from datasets!=4.0.*,!=4.1.0,<4.4.0,>=3.4.1->unsloth->-r requirements-train.txt (line 1))
  Downloading httpx-0.28.1-py3-none-any.whl.metadata (7.1 kB)
Collecting xxhash (from datasets!=4.0.*,!=4.1.0,<4.4.0,>=3.4.1->unsloth->-r requirements-train.txt (line 1))
  Downloading xxhash-4.0.1-cp312-cp312-manylinux2014_x86_64.manylinux_2_17_x86_64.manylinux_2_28_x86_64.whl.metadata (17 kB)
Collecting multiprocess<0.70.17 (from datasets!=4.0.*,!=4.1.0,<4.4.0,>=3.4.1->unsloth->-r requirements-train.txt (line 1))
  Downloading multiprocess-0.70.16-py312-none-any.whl.metadata (7.2 kB)
Collecting fsspec<=2025.9.0,>=2023.1.0 (from fsspec[http]<=2025.9.0,>=2023.1.0->datasets!=4.0.*,!=4.1.0,<4.4.0,>=3.4.1->unsloth->-r requirements-train.txt (line 1))
  Downloading fsspec-2025.9.0-py3-none-any.whl.metadata (10 kB)
Collecting huggingface_hub>=0.34.0 (from unsloth->-r requirements-train.txt (line 1))
  Downloading huggingface_hub-1.33.0-py3-none-any.whl.metadata (16 kB)
Collecting aiohttp!=4.0.0a0,!=4.0.0a1 (from fsspec[http]<=2025.9.0,>=2023.1.0->datasets!=4.0.*,!=4.1.0,<4.4.0,>=3.4.1->unsloth->-r requirements-train.txt (line 1))
  Downloading aiohttp-3.14.3-cp312-cp312-manylinux2014_x86_64.manylinux_2_17_x86_64.manylinux_2_28_x86_64.whl.metadata (8.3 kB)
Collecting anyio (from httpx<1.0.0->datasets!=4.0.*,!=4.1.0,<4.4.0,>=3.4.1->unsloth->-r requirements-train.txt (line 1))
  Downloading anyio-4.15.1-py3-none-any.whl.metadata (4.7 kB)
Collecting certifi (from httpx<1.0.0->datasets!=4.0.*,!=4.1.0,<4.4.0,>=3.4.1->unsloth->-r requirements-train.txt (line 1))
  Downloading certifi-2026.7.22-py3-none-any.whl.metadata (2.5 kB)
Collecting httpcore==1.* (from httpx<1.0.0->datasets!=4.0.*,!=4.1.0,<4.4.0,>=3.4.1->unsloth->-r requirements-train.txt (line 1))
  Downloading httpcore-1.0.9-py3-none-any.whl.metadata (21 kB)
Collecting idna (from httpx<1.0.0->datasets!=4.0.*,!=4.1.0,<4.4.0,>=3.4.1->unsloth->-r requirements-train.txt (line 1))
  Downloading idna-3.20-py3-none-any.whl.metadata (7.2 kB)
Collecting h11>=0.16 (from httpcore==1.*->httpx<1.0.0->datasets!=4.0.*,!=4.1.0,<4.4.0,>=3.4.1->unsloth->-r requirements-train.txt (line 1))
  Downloading h11-0.16.0-py3-none-any.whl.metadata (8.3 kB)
Collecting hf-xet<2.0.0,>=1.6.0 (from huggingface_hub>=0.34.0->unsloth->-r requirements-train.txt (line 1))
  Downloading hf_xet-1.6.0-cp38-abi3-manylinux2014_x86_64.manylinux_2_17_x86_64.whl.metadata (4.9 kB)
Collecting typing-extensions>=4.1.0 (from huggingface_hub>=0.34.0->unsloth->-r requirements-train.txt (line 1))
  Downloading typing_extensions-4.16.0-py3-none-any.whl.metadata (3.3 kB)
Collecting setuptools<82 (from torch<2.13.0,>=2.4.0->unsloth->-r requirements-train.txt (line 1))
  Downloading setuptools-81.0.0-py3-none-any.whl.metadata (6.6 kB)
Collecting sympy>=1.13.3 (from torch<2.13.0,>=2.4.0->unsloth->-r requirements-train.txt (line 1))
  Downloading sympy-1.14.0-py3-none-any.whl.metadata (12 kB)
Collecting networkx>=2.5.1 (from torch<2.13.0,>=2.4.0->unsloth->-r requirements-train.txt (line 1))
  Downloading networkx-3.7-py3-none-any.whl.metadata (6.7 kB)
Collecting jinja2 (from torch<2.13.0,>=2.4.0->unsloth->-r requirements-train.txt (line 1))
  Downloading jinja2-3.1.6-py3-none-any.whl.metadata (2.9 kB)
Collecting cuda-toolkit==13.0.2 (from cuda-toolkit[cudart,cufft,cufile,cupti,curand,cusolver,cusparse,nvjitlink,nvrtc,nvtx]==13.0.2; platform_system == "Linux"->torch<2.13.0,>=2.4.0->unsloth->-r requirements-train.txt (line 1))
  Downloading cuda_toolkit-13.0.2-py2.py3-none-any.whl.metadata (9.4 kB)
Collecting nvidia-cublas<=13.1.1.3,>=13.1.0.3 (from torch<2.13.0,>=2.4.0->unsloth->-r requirements-train.txt (line 1))
  Downloading nvidia_cublas-13.1.1.3-py3-none-manylinux_2_27_x86_64.whl.metadata (1.8 kB)
Collecting cuda-bindings<14,>=13.0.3 (from torch<2.13.0,>=2.4.0->unsloth->-r requirements-train.txt (line 1))
  Downloading cuda_bindings-13.4.3-cp312-cp312-manylinux_2_24_x86_64.manylinux_2_28_x86_64.whl.metadata (2.4 kB)
Collecting nvidia-cudnn-cu13==9.20.0.48 (from torch<2.13.0,>=2.4.0->unsloth->-r requirements-train.txt (line 1))
  Downloading nvidia_cudnn_cu13-9.20.0.48-py3-none-manylinux_2_27_x86_64.whl.metadata (1.9 kB)
Collecting nvidia-cusparselt-cu13==0.8.1 (from torch<2.13.0,>=2.4.0->unsloth->-r requirements-train.txt (line 1))
  Downloading nvidia_cusparselt_cu13-0.8.1-py3-none-manylinux2014_x86_64.whl.metadata (12 kB)
Collecting nvidia-nccl-cu13==2.29.7 (from torch<2.13.0,>=2.4.0->unsloth->-r requirements-train.txt (line 1))
  Downloading nvidia_nccl_cu13-2.29.7-py3-none-manylinux_2_18_x86_64.whl.metadata (2.1 kB)
Collecting nvidia-nvshmem-cu13==3.4.5 (from torch<2.13.0,>=2.4.0->unsloth->-r requirements-train.txt (line 1))
  Downloading nvidia_nvshmem_cu13-3.4.5-py3-none-manylinux2014_x86_64.manylinux_2_17_x86_64.whl.metadata (2.1 kB)
Collecting triton>=3.0.0 (from unsloth->-r requirements-train.txt (line 1))
  Downloading triton-3.7.1-cp312-cp312-manylinux_2_27_x86_64.manylinux_2_28_x86_64.whl.metadata (1.7 kB)
Collecting nvidia-cuda-runtime==13.0.96.* (from cuda-toolkit[cudart,cufft,cufile,cupti,curand,cusolver,cusparse,nvjitlink,nvrtc,nvtx]==13.0.2; platform_system == "Linux"->torch<2.13.0,>=2.4.0->unsloth->-r requirements-train.txt (line 1))
  Downloading nvidia_cuda_runtime-13.0.96-py3-none-manylinux2014_x86_64.manylinux_2_17_x86_64.whl.metadata (1.7 kB)
Collecting nvidia-cufft==12.0.0.61.* (from cuda-toolkit[cudart,cufft,cufile,cupti,curand,cusolver,cusparse,nvjitlink,nvrtc,nvtx]==13.0.2; platform_system == "Linux"->torch<2.13.0,>=2.4.0->unsloth->-r requirements-train.txt (line 1))
  Downloading nvidia_cufft-12.0.0.61-py3-none-manylinux2014_x86_64.manylinux_2_17_x86_64.whl.metadata (1.8 kB)
Collecting nvidia-cufile==1.15.1.6.* (from cuda-toolkit[cudart,cufft,cufile,cupti,curand,cusolver,cusparse,nvjitlink,nvrtc,nvtx]==13.0.2; platform_system == "Linux"->torch<2.13.0,>=2.4.0->unsloth->-r requirements-train.txt (line 1))
  Downloading nvidia_cufile-1.15.1.6-py3-none-manylinux2014_x86_64.manylinux_2_17_x86_64.whl.metadata (1.7 kB)
Collecting nvidia-cuda-cupti==13.0.85.* (from cuda-toolkit[cudart,cufft,cufile,cupti,curand,cusolver,cusparse,nvjitlink,nvrtc,nvtx]==13.0.2; platform_system == "Linux"->torch<2.13.0,>=2.4.0->unsloth->-r requirements-train.txt (line 1))
  Downloading nvidia_cuda_cupti-13.0.85-py3-none-manylinux_2_25_x86_64.whl.metadata (1.7 kB)
Collecting nvidia-curand==10.4.0.35.* (from cuda-toolkit[cudart,cufft,cufile,cupti,curand,cusolver,cusparse,nvjitlink,nvrtc,nvtx]==13.0.2; platform_system == "Linux"->torch<2.13.0,>=2.4.0->unsloth->-r requirements-train.txt (line 1))
  Downloading nvidia_curand-10.4.0.35-py3-none-manylinux_2_27_x86_64.whl.metadata (1.7 kB)
Collecting nvidia-cusolver==12.0.4.66.* (from cuda-toolkit[cudart,cufft,cufile,cupti,curand,cusolver,cusparse,nvjitlink,nvrtc,nvtx]==13.0.2; platform_system == "Linux"->torch<2.13.0,>=2.4.0->unsloth->-r requirements-train.txt (line 1))
  Downloading nvidia_cusolver-12.0.4.66-py3-none-manylinux_2_27_x86_64.whl.metadata (1.8 kB)
Collecting nvidia-cusparse==12.6.3.3.* (from cuda-toolkit[cudart,cufft,cufile,cupti,curand,cusolver,cusparse,nvjitlink,nvrtc,nvtx]==13.0.2; platform_system == "Linux"->torch<2.13.0,>=2.4.0->unsloth->-r requirements-train.txt (line 1))
  Downloading nvidia_cusparse-12.6.3.3-py3-none-manylinux2014_x86_64.manylinux_2_17_x86_64.whl.metadata (1.8 kB)
Collecting nvidia-nvjitlink==13.0.88.* (from cuda-toolkit[cudart,cufft,cufile,cupti,curand,cusolver,cusparse,nvjitlink,nvrtc,nvtx]==13.0.2; platform_system == "Linux"->torch<2.13.0,>=2.4.0->unsloth->-r requirements-train.txt (line 1))
  Downloading nvidia_nvjitlink-13.0.88-py3-none-manylinux2010_x86_64.manylinux_2_12_x86_64.whl.metadata (1.7 kB)
Collecting nvidia-cuda-nvrtc==13.0.88.* (from cuda-toolkit[cudart,cufft,cufile,cupti,curand,cusolver,cusparse,nvjitlink,nvrtc,nvtx]==13.0.2; platform_system == "Linux"->torch<2.13.0,>=2.4.0->unsloth->-r requirements-train.txt (line 1))
  Downloading nvidia_cuda_nvrtc-13.0.88-py3-none-manylinux2010_x86_64.manylinux_2_12_x86_64.whl.metadata (1.7 kB)
Collecting nvidia-nvtx==13.0.85.* (from cuda-toolkit[cudart,cufft,cufile,cupti,curand,cusolver,cusparse,nvjitlink,nvrtc,nvtx]==13.0.2; platform_system == "Linux"->torch<2.13.0,>=2.4.0->unsloth->-r requirements-train.txt (line 1))
  Downloading nvidia_nvtx-13.0.85-py3-none-manylinux1_x86_64.manylinux_2_5_x86_64.whl.metadata (1.8 kB)
Collecting cuda-pathfinder>=1.4.2 (from cuda-bindings<14,>=13.0.3->torch<2.13.0,>=2.4.0->unsloth->-r requirements-train.txt (line 1))
  Downloading cuda_pathfinder-1.8.2-py3-none-any.whl.metadata (1.9 kB)
Collecting regex>=2025.10.22 (from transformers!=4.52.0,!=4.52.1,!=4.52.2,!=4.52.3,!=4.53.0,!=4.54.0,!=4.55.0,!=4.55.1,!=4.57.0,!=4.57.4,!=4.57.5,!=5.0.0,!=5.1.0,<=5.5.0,>=4.51.3->unsloth->-r requirements-train.txt (line 1))
  Downloading regex-2026.9.10-cp312-cp312-manylinux2014_x86_64.manylinux_2_17_x86_64.manylinux_2_28_x86_64.whl.metadata (40 kB)
Collecting tokenizers<=0.23.0,>=0.22.0 (from transformers!=4.52.0,!=4.52.1,!=4.52.2,!=4.52.3,!=4.53.0,!=4.54.0,!=4.55.0,!=4.55.1,!=4.57.0,!=4.57.4,!=4.57.5,!=5.0.0,!=5.1.0,<=5.5.0,>=4.51.3->unsloth->-r requirements-train.txt (line 1))
  Downloading tokenizers-0.22.2-cp39-abi3-manylinux_2_17_x86_64.manylinux2014_x86_64.whl.metadata (7.3 kB)
Collecting safetensors>=0.4.3 (from transformers!=4.52.0,!=4.52.1,!=4.52.2,!=4.52.3,!=4.53.0,!=4.54.0,!=4.55.0,!=4.55.1,!=4.57.0,!=4.57.4,!=4.57.5,!=5.0.0,!=5.1.0,<=5.5.0,>=4.51.3->unsloth->-r requirements-train.txt (line 1))
  Downloading safetensors-0.8.0-cp310-abi3-manylinux_2_17_x86_64.manylinux2014_x86_64.whl.metadata (4.2 kB)
Collecting annotated-types>=0.6.0 (from pydantic->-r requirements-train.txt (line 2))
  Downloading annotated_types-0.8.0-py3-none-any.whl.metadata (15 kB)
Collecting pydantic-core==2.46.5 (from pydantic->-r requirements-train.txt (line 2))
  Downloading pydantic_core-2.46.5-cp312-cp312-manylinux_2_17_x86_64.manylinux2014_x86_64.whl.metadata (6.6 kB)
Collecting typing-inspection>=0.4.2 (from pydantic->-r requirements-train.txt (line 2))
  Downloading typing_inspection-0.4.4-py3-none-any.whl.metadata (2.6 kB)
Collecting attrs>=22.2.0 (from jsonschema->-r requirements-train.txt (line 3))
  Downloading attrs-26.1.0-py3-none-any.whl.metadata (8.8 kB)
Collecting jsonschema-specifications>=2023.03.6 (from jsonschema->-r requirements-train.txt (line 3))
  Downloading jsonschema_specifications-2025.9.1-py3-none-any.whl.metadata (2.9 kB)
Collecting referencing>=0.28.4 (from jsonschema->-r requirements-train.txt (line 3))
  Downloading referencing-0.37.0-py3-none-any.whl.metadata (2.8 kB)
Collecting rpds-py>=0.25.0 (from jsonschema->-r requirements-train.txt (line 3))
  Downloading rpds_py-2026.6.3-cp312-cp312-manylinux_2_17_x86_64.manylinux2014_x86_64.whl.metadata (4.1 kB)
Collecting python-dateutil>=2.8.2 (from pandas->-r requirements-train.txt (line 5))
  Downloading python_dateutil-2.9.0.post0-py2.py3-none-any.whl.metadata (8.4 kB)
Collecting aiohappyeyeballs>=2.5.0 (from aiohttp!=4.0.0a0,!=4.0.0a1->fsspec[http]<=2025.9.0,>=2023.1.0->datasets!=4.0.*,!=4.1.0,<4.4.0,>=3.4.1->unsloth->-r requirements-train.txt (line 1))
  Downloading aiohappyeyeballs-2.7.1-py3-none-any.whl.metadata (5.9 kB)
Collecting aiosignal>=1.4.0 (from aiohttp!=4.0.0a0,!=4.0.0a1->fsspec[http]<=2025.9.0,>=2023.1.0->datasets!=4.0.*,!=4.1.0,<4.4.0,>=3.4.1->unsloth->-r requirements-train.txt (line 1))
  Downloading aiosignal-1.4.0-py3-none-any.whl.metadata (3.7 kB)
Collecting frozenlist>=1.1.1 (from aiohttp!=4.0.0a0,!=4.0.0a1->fsspec[http]<=2025.9.0,>=2023.1.0->datasets!=4.0.*,!=4.1.0,<4.4.0,>=3.4.1->unsloth->-r requirements-train.txt (line 1))
  Downloading frozenlist-1.8.0-cp312-cp312-manylinux1_x86_64.manylinux_2_28_x86_64.manylinux_2_5_x86_64.whl.metadata (20 kB)
Collecting multidict<7.0,>=4.5 (from aiohttp!=4.0.0a0,!=4.0.0a1->fsspec[http]<=2025.9.0,>=2023.1.0->datasets!=4.0.*,!=4.1.0,<4.4.0,>=3.4.1->unsloth->-r requirements-train.txt (line 1))
  Downloading multidict-6.9.1-cp312-cp312-manylinux2014_x86_64.manylinux_2_17_x86_64.manylinux_2_28_x86_64.whl.metadata (5.3 kB)
Collecting propcache>=0.2.0 (from aiohttp!=4.0.0a0,!=4.0.0a1->fsspec[http]<=2025.9.0,>=2023.1.0->datasets!=4.0.*,!=4.1.0,<4.4.0,>=3.4.1->unsloth->-r requirements-train.txt (line 1))
  Downloading propcache-0.5.4-cp312-cp312-manylinux2014_x86_64.manylinux_2_17_x86_64.manylinux_2_28_x86_64.whl.metadata (25 kB)
Collecting yarl<2.0,>=1.17.0 (from aiohttp!=4.0.0a0,!=4.0.0a1->fsspec[http]<=2025.9.0,>=2023.1.0->datasets!=4.0.*,!=4.1.0,<4.4.0,>=3.4.1->unsloth->-r requirements-train.txt (line 1))
  Downloading yarl-1.25.1-cp312-cp312-manylinux2014_x86_64.manylinux_2_17_x86_64.manylinux_2_28_x86_64.whl.metadata (111 kB)
Collecting six>=1.5 (from python-dateutil>=2.8.2->pandas->-r requirements-train.txt (line 5))
  Downloading six-1.17.0-py2.py3-none-any.whl.metadata (1.7 kB)
Collecting charset_normalizer<4,>=2 (from requests>=2.32.2->datasets!=4.0.*,!=4.1.0,<4.4.0,>=3.4.1->unsloth->-r requirements-train.txt (line 1))
  Downloading charset_normalizer-3.5.1-cp312-cp312-manylinux2014_x86_64.manylinux_2_17_x86_64.manylinux_2_28_x86_64.whl.metadata (45 kB)
Collecting urllib3<3,>=1.26 (from requests>=2.32.2->datasets!=4.0.*,!=4.1.0,<4.4.0,>=3.4.1->unsloth->-r requirements-train.txt (line 1))
  Downloading urllib3-2.8.0-py3-none-any.whl.metadata (7.4 kB)
Collecting mpmath<1.4,>=1.1.0 (from sympy>=1.13.3->torch<2.13.0,>=2.4.0->unsloth->-r requirements-train.txt (line 1))
  Downloading mpmath-1.3.0-py3-none-any.whl.metadata (8.6 kB)
Collecting shellingham>=1.3.0 (from typer>=0.12.0->unsloth->-r requirements-train.txt (line 1))
  Downloading shellingham-1.5.4-py2.py3-none-any.whl.metadata (3.5 kB)
Collecting annotated-doc>=0.0.2 (from typer>=0.12.0->unsloth->-r requirements-train.txt (line 1))
  Downloading annotated_doc-0.0.5-py3-none-any.whl.metadata (6.5 kB)
Collecting markdown-it-py>=2.2.0 (from rich->unsloth->-r requirements-train.txt (line 1))
  Downloading markdown_it_py-4.2.0-py3-none-any.whl.metadata (7.4 kB)
Collecting pygments<3.0.0,>=2.13.0 (from rich->unsloth->-r requirements-train.txt (line 1))
  Downloading pygments-2.21.0-py3-none-any.whl.metadata (2.5 kB)
Collecting mdurl~=0.1 (from markdown-it-py>=2.2.0->rich->unsloth->-r requirements-train.txt (line 1))
  Downloading mdurl-0.1.2-py3-none-any.whl.metadata (1.6 kB)
Collecting torchao>=0.13.0 (from unsloth_zoo>=2026.9.7->unsloth->-r requirements-train.txt (line 1))
  Downloading torchao-0.18.0-cp310-abi3-manylinux_2_24_x86_64.manylinux_2_28_x86_64.whl.metadata (21 kB)
Collecting cut_cross_entropy (from unsloth_zoo>=2026.9.7->unsloth->-r requirements-train.txt (line 1))
  Downloading cut_cross_entropy-25.1.1-py3-none-any.whl.metadata (9.3 kB)
Collecting pillow (from unsloth_zoo>=2026.9.7->unsloth->-r requirements-train.txt (line 1))
  Downloading pillow-12.3.0-cp312-cp312-manylinux_2_27_x86_64.manylinux_2_28_x86_64.whl.metadata (9.1 kB)
Collecting msgspec (from unsloth_zoo>=2026.9.7->unsloth->-r requirements-train.txt (line 1))
  Downloading msgspec-0.21.1-cp312-cp312-manylinux2014_x86_64.manylinux_2_17_x86_64.manylinux_2_28_x86_64.whl.metadata (5.8 kB)
Collecting importlib_metadata (from diffusers->unsloth->-r requirements-train.txt (line 1))
  Downloading importlib_metadata-9.0.1-py3-none-any.whl.metadata (4.5 kB)
Collecting zipp>=3.20 (from importlib_metadata->diffusers->unsloth->-r requirements-train.txt (line 1))
  Downloading zipp-4.1.0-py3-none-any.whl.metadata (3.6 kB)
Collecting MarkupSafe>=2.0 (from jinja2->torch<2.13.0,>=2.4.0->unsloth->-r requirements-train.txt (line 1))
  Downloading markupsafe-3.0.3-cp312-cp312-manylinux2014_x86_64.manylinux_2_17_x86_64.manylinux_2_28_x86_64.whl.metadata (2.7 kB)
INFO: pip is looking at multiple versions of torchvision to determine which version is compatible with other requirements. This could take a while.
Collecting torchvision (from unsloth->-r requirements-train.txt (line 1))
  Downloading torchvision-0.28.0-cp312-cp312-manylinux_2_28_x86_64.whl.metadata (5.6 kB)
  Downloading torchvision-0.27.1-cp312-cp312-manylinux_2_28_x86_64.whl.metadata (5.5 kB)
Collecting docstring-parser>=0.16 (from tyro->unsloth->-r requirements-train.txt (line 1))
  Downloading docstring_parser-0.18.0-py3-none-any.whl.metadata (3.5 kB)
Collecting typeguard>=4.0.0 (from tyro->unsloth->-r requirements-train.txt (line 1))
  Downloading typeguard-4.6.0-py3-none-any.whl.metadata (3.7 kB)
Downloading unsloth-2026.9.11-py3-none-any.whl (24.4 MB)
   ━━━━━━━━━━━━━━━━━━━━━━━━━━━━━━━━━━━━━━━━ 24.4/24.4 MB 5.8 MB/s  0:00:04
Downloading datasets-4.3.0-py3-none-any.whl (506 kB)
Downloading dill-0.4.0-py3-none-any.whl (119 kB)
Downloading fsspec-2025.9.0-py3-none-any.whl (199 kB)
Downloading httpx-0.28.1-py3-none-any.whl (73 kB)
Downloading httpcore-1.0.9-py3-none-any.whl (78 kB)
Downloading huggingface_hub-1.33.0-py3-none-any.whl (846 kB)
   ━━━━━━━━━━━━━━━━━━━━━━━━━━━━━━━━━━━━━━━━ 846.4/846.4 kB 6.2 MB/s  0:00:00
Downloading click-8.5.0-py3-none-any.whl (125 kB)
Downloading hf_xet-1.6.0-cp38-abi3-manylinux2014_x86_64.manylinux_2_17_x86_64.whl (4.5 MB)
   ━━━━━━━━━━━━━━━━━━━━━━━━━━━━━━━━━━━━━━━━ 4.5/4.5 MB 6.0 MB/s  0:00:00
Downloading multiprocess-0.70.16-py312-none-any.whl (146 kB)
Downloading torch-2.12.1-cp312-cp312-manylinux_2_28_x86_64.whl (532.3 MB)
   ━━━━━━━━━━━━━━━━━━━━━━━━━━━━━━━━━━━━━━━━ 532.3/532.3 MB 5.0 MB/s  0:01:40
Downloading cuda_toolkit-13.0.2-py2.py3-none-any.whl (2.4 kB)
Downloading nvidia_cudnn_cu13-9.20.0.48-py3-none-manylinux_2_27_x86_64.whl (366.2 MB)
   ━━━━━━━━━━━━━━━━━━━━━━━━━━━━━━━━━━━━━━━━ 366.2/366.2 MB 4.9 MB/s  0:01:15
Downloading nvidia_cusparselt_cu13-0.8.1-py3-none-manylinux2014_x86_64.whl (170.1 MB)
   ━━━━━━━━━━━━━━━━━━━━━━━━━━━━━━━━━━━━━━━━ 170.1/170.1 MB 5.6 MB/s  0:00:30
Downloading nvidia_nccl_cu13-2.29.7-py3-none-manylinux_2_18_x86_64.whl (206.0 MB)
   ━━━━━━━━━━━━━━━━━━━━━━━━━━━━━━━━━━━━━━━━ 206.0/206.0 MB 5.1 MB/s  0:00:39
Downloading nvidia_nvshmem_cu13-3.4.5-py3-none-manylinux2014_x86_64.manylinux_2_17_x86_64.whl (60.4 MB)
   ━━━━━━━━━━━━━━━━━━━━━━━━━━━━━━━━━━━━━━━━ 60.4/60.4 MB 4.8 MB/s  0:00:12
Downloading triton-3.7.1-cp312-cp312-manylinux_2_27_x86_64.manylinux_2_28_x86_64.whl (197.7 MB)
   ━━━━━━━━━━━━━━━━━━━━━━━━━━━━━━━━━━━━━━━━ 197.7/197.7 MB 4.8 MB/s  0:00:41
Downloading cuda_bindings-13.4.3-cp312-cp312-manylinux_2_24_x86_64.manylinux_2_28_x86_64.whl (7.2 MB)
   ━━━━━━━━━━━━━━━━━━━━━━━━━━━━━━━━━━━━━━━━ 7.2/7.2 MB 4.8 MB/s  0:00:01
Downloading nvidia_cublas-13.1.1.3-py3-none-manylinux_2_27_x86_64.whl (423.1 MB)
   ━━━━━━━━━━━━━━━━━━━━━━━━━━━━━━━━━━━━━━━━ 423.1/423.1 MB 4.7 MB/s  0:01:28
Downloading nvidia_cuda_cupti-13.0.85-py3-none-manylinux_2_25_x86_64.whl (10.7 MB)
   ━━━━━━━━━━━━━━━━━━━━━━━━━━━━━━━━━━━━━━━━ 10.7/10.7 MB 5.9 MB/s  0:00:01
Downloading nvidia_cuda_nvrtc-13.0.88-py3-none-manylinux2010_x86_64.manylinux_2_12_x86_64.whl (90.2 MB)
   ━━━━━━━━━━━━━━━━━━━━━━━━━━━━━━━━━━━━━━━━ 90.2/90.2 MB 5.0 MB/s  0:00:17
Downloading nvidia_cuda_runtime-13.0.96-py3-none-manylinux2014_x86_64.manylinux_2_17_x86_64.whl (2.2 MB)
   ━━━━━━━━━━━━━━━━━━━━━━━━━━━━━━━━━━━━━━━━ 2.2/2.2 MB 6.0 MB/s  0:00:00
Downloading nvidia_cufft-12.0.0.61-py3-none-manylinux2014_x86_64.manylinux_2_17_x86_64.whl (214.1 MB)
   ━━━━━━━━━━━━━━━━━━━━━━━━━━━━━━━━━━━━━━━━ 214.1/214.1 MB 4.8 MB/s  0:00:44
Downloading nvidia_cufile-1.15.1.6-py3-none-manylinux2014_x86_64.manylinux_2_17_x86_64.whl (1.2 MB)
   ━━━━━━━━━━━━━━━━━━━━━━━━━━━━━━━━━━━━━━━━ 1.2/1.2 MB 4.7 MB/s  0:00:00
Downloading nvidia_curand-10.4.0.35-py3-none-manylinux_2_27_x86_64.whl (59.5 MB)
   ━━━━━━━━━━━━━━━━━━━━━━━━━━━━━━━━━━━━━━━━ 59.5/59.5 MB 4.4 MB/s  0:00:13
Downloading nvidia_cusolver-12.0.4.66-py3-none-manylinux_2_27_x86_64.whl (200.9 MB)
   ━━━━━━━━━━━━━━━━━━━━━━━━━━━━━━━━━━━━━━━━ 200.9/200.9 MB 3.9 MB/s  0:00:49
Downloading nvidia_cusparse-12.6.3.3-py3-none-manylinux2014_x86_64.manylinux_2_17_x86_64.whl (145.9 MB)
   ━━━━━━━━━━━━━━━━━━━━━━━━━━━━━━━━━━━━━━━━ 145.9/145.9 MB 3.7 MB/s  0:00:39
Downloading nvidia_nvjitlink-13.0.88-py3-none-manylinux2010_x86_64.manylinux_2_12_x86_64.whl (40.7 MB)
   ━━━━━━━━━━━━━━━━━━━━━━━━━━━━━━━━━━━━━━━━ 40.7/40.7 MB 4.4 MB/s  0:00:09
Downloading nvidia_nvtx-13.0.85-py3-none-manylinux1_x86_64.manylinux_2_5_x86_64.whl (148 kB)
Downloading setuptools-81.0.0-py3-none-any.whl (1.1 MB)
   ━━━━━━━━━━━━━━━━━━━━━━━━━━━━━━━━━━━━━━━━ 1.1/1.1 MB 4.6 MB/s  0:00:00
Downloading transformers-5.5.0-py3-none-any.whl (10.2 MB)
   ━━━━━━━━━━━━━━━━━━━━━━━━━━━━━━━━━━━━━━━━ 10.2/10.2 MB 4.7 MB/s  0:00:02
Downloading tokenizers-0.22.2-cp39-abi3-manylinux_2_17_x86_64.manylinux2014_x86_64.whl (3.3 MB)
   ━━━━━━━━━━━━━━━━━━━━━━━━━━━━━━━━━━━━━━━━ 3.3/3.3 MB 4.1 MB/s  0:00:00
Downloading trl-0.24.0-py3-none-any.whl (423 kB)
Downloading pydantic-2.13.5-py3-none-any.whl (472 kB)
Downloading pydantic_core-2.46.5-cp312-cp312-manylinux_2_17_x86_64.manylinux2014_x86_64.whl (2.1 MB)
   ━━━━━━━━━━━━━━━━━━━━━━━━━━━━━━━━━━━━━━━━ 2.1/2.1 MB 3.8 MB/s  0:00:00
Downloading jsonschema-4.26.0-py3-none-any.whl (90 kB)
Downloading python_dotenv-1.2.3-py3-none-any.whl (22 kB)
Downloading pandas-3.0.6-cp312-cp312-manylinux_2_24_x86_64.manylinux_2_28_x86_64.whl (10.8 MB)
   ━━━━━━━━━━━━━━━━━━━━━━━━━━━━━━━━━━━━━━━━ 10.8/10.8 MB 4.9 MB/s  0:00:02
Downloading tqdm-4.70.1-py3-none-any.whl (80 kB)
Downloading accelerate-1.15.0-py3-none-any.whl (394 kB)
Downloading aiohttp-3.14.3-cp312-cp312-manylinux2014_x86_64.manylinux_2_17_x86_64.manylinux_2_28_x86_64.whl (1.8 MB)
   ━━━━━━━━━━━━━━━━━━━━━━━━━━━━━━━━━━━━━━━━ 1.8/1.8 MB 5.8 MB/s  0:00:00
Downloading multidict-6.9.1-cp312-cp312-manylinux2014_x86_64.manylinux_2_17_x86_64.manylinux_2_28_x86_64.whl (336 kB)
Downloading yarl-1.25.1-cp312-cp312-manylinux2014_x86_64.manylinux_2_17_x86_64.manylinux_2_28_x86_64.whl (117 kB)
Downloading aiohappyeyeballs-2.7.1-py3-none-any.whl (15 kB)
Downloading aiosignal-1.4.0-py3-none-any.whl (7.5 kB)
Downloading annotated_types-0.8.0-py3-none-any.whl (13 kB)
Downloading attrs-26.1.0-py3-none-any.whl (67 kB)
Downloading bitsandbytes-0.50.2-py3-none-manylinux_2_24_x86_64.whl (43.1 MB)
   ━━━━━━━━━━━━━━━━━━━━━━━━━━━━━━━━━━━━━━━━ 43.1/43.1 MB 5.5 MB/s  0:00:07
Downloading cuda_pathfinder-1.8.2-py3-none-any.whl (62 kB)
Downloading filelock-4.0.3-py3-none-any.whl (108 kB)
Downloading frozenlist-1.8.0-cp312-cp312-manylinux1_x86_64.manylinux_2_28_x86_64.manylinux_2_5_x86_64.whl (242 kB)
Downloading h11-0.16.0-py3-none-any.whl (37 kB)
Downloading idna-3.20-py3-none-any.whl (69 kB)
Downloading jsonschema_specifications-2025.9.1-py3-none-any.whl (18 kB)
Downloading networkx-3.7-py3-none-any.whl (2.1 MB)
   ━━━━━━━━━━━━━━━━━━━━━━━━━━━━━━━━━━━━━━━━ 2.1/2.1 MB 5.6 MB/s  0:00:00
Downloading numpy-2.5.3-cp312-cp312-manylinux_2_27_x86_64.manylinux_2_28_x86_64.whl (16.7 MB)
   ━━━━━━━━━━━━━━━━━━━━━━━━━━━━━━━━━━━━━━━━ 16.7/16.7 MB 4.9 MB/s  0:00:03
Downloading peft-0.21.0-py3-none-any.whl (832 kB)
   ━━━━━━━━━━━━━━━━━━━━━━━━━━━━━━━━━━━━━━━━ 832.9/832.9 kB 6.1 MB/s  0:00:00
Downloading propcache-0.5.4-cp312-cp312-manylinux2014_x86_64.manylinux_2_17_x86_64.manylinux_2_28_x86_64.whl (250 kB)
Downloading pyarrow-25.0.1-cp312-cp312-manylinux_2_28_x86_64.whl (50.1 MB)
   ━━━━━━━━━━━━━━━━━━━━━━━━━━━━━━━━━━━━━━━━ 50.1/50.1 MB 4.5 MB/s  0:00:11
Downloading python_dateutil-2.9.0.post0-py2.py3-none-any.whl (229 kB)
Downloading pyyaml-6.0.3-cp312-cp312-manylinux2014_x86_64.manylinux_2_17_x86_64.manylinux_2_28_x86_64.whl (807 kB)
   ━━━━━━━━━━━━━━━━━━━━━━━━━━━━━━━━━━━━━━━━ 807.9/807.9 kB 2.5 MB/s  0:00:00
Downloading referencing-0.37.0-py3-none-any.whl (26 kB)
Downloading regex-2026.9.10-cp312-cp312-manylinux2014_x86_64.manylinux_2_17_x86_64.manylinux_2_28_x86_64.whl (804 kB)
   ━━━━━━━━━━━━━━━━━━━━━━━━━━━━━━━━━━━━━━━━ 804.6/804.6 kB 4.1 MB/s  0:00:00
Downloading requests-2.34.2-py3-none-any.whl (73 kB)
Downloading charset_normalizer-3.5.1-cp312-cp312-manylinux2014_x86_64.manylinux_2_17_x86_64.manylinux_2_28_x86_64.whl (248 kB)
Downloading urllib3-2.8.0-py3-none-any.whl (135 kB)
Downloading certifi-2026.7.22-py3-none-any.whl (136 kB)
Downloading rpds_py-2026.6.3-cp312-cp312-manylinux_2_17_x86_64.manylinux2014_x86_64.whl (366 kB)
Downloading safetensors-0.8.0-cp310-abi3-manylinux_2_17_x86_64.manylinux2014_x86_64.whl (516 kB)
Downloading sentencepiece-0.2.2-cp312-cp312-manylinux_2_27_x86_64.manylinux_2_28_x86_64.whl (1.4 MB)
   ━━━━━━━━━━━━━━━━━━━━━━━━━━━━━━━━━━━━━━━━ 1.4/1.4 MB 3.5 MB/s  0:00:00
Downloading six-1.17.0-py2.py3-none-any.whl (11 kB)
Downloading structlog-26.1.0-py3-none-any.whl (73 kB)
Downloading sympy-1.14.0-py3-none-any.whl (6.3 MB)
   ━━━━━━━━━━━━━━━━━━━━━━━━━━━━━━━━━━━━━━━━ 6.3/6.3 MB 3.6 MB/s  0:00:01
Downloading mpmath-1.3.0-py3-none-any.whl (536 kB)
   ━━━━━━━━━━━━━━━━━━━━━━━━━━━━━━━━━━━━━━━━ 536.2/536.2 kB 4.4 MB/s  0:00:00
Downloading typer-0.27.2-py3-none-any.whl (123 kB)
Downloading annotated_doc-0.0.5-py3-none-any.whl (5.3 kB)
Downloading rich-15.0.0-py3-none-any.whl (310 kB)
Downloading pygments-2.21.0-py3-none-any.whl (1.3 MB)
   ━━━━━━━━━━━━━━━━━━━━━━━━━━━━━━━━━━━━━━━━ 1.3/1.3 MB 2.5 MB/s  0:00:00
Downloading markdown_it_py-4.2.0-py3-none-any.whl (91 kB)
Downloading mdurl-0.1.2-py3-none-any.whl (10.0 kB)
Downloading shellingham-1.5.4-py2.py3-none-any.whl (9.8 kB)
Downloading typing_extensions-4.16.0-py3-none-any.whl (45 kB)
Downloading typing_inspection-0.4.4-py3-none-any.whl (14 kB)
Downloading unsloth_zoo-2026.9.7-py3-none-any.whl (1.8 MB)
   ━━━━━━━━━━━━━━━━━━━━━━━━━━━━━━━━━━━━━━━━ 1.8/1.8 MB 5.9 MB/s  0:00:00
Downloading torchao-0.18.0-cp310-abi3-manylinux_2_24_x86_64.manylinux_2_28_x86_64.whl (3.4 MB)
   ━━━━━━━━━━━━━━━━━━━━━━━━━━━━━━━━━━━━━━━━ 3.4/3.4 MB 2.6 MB/s  0:00:01
Downloading xformers-0.0.35-py39-none-manylinux_2_28_x86_64.whl (3.3 MB)
   ━━━━━━━━━━━━━━━━━━━━━━━━━━━━━━━━━━━━━━━━ 3.3/3.3 MB 4.1 MB/s  0:00:00
Downloading anyio-4.15.1-py3-none-any.whl (132 kB)
Downloading cut_cross_entropy-25.1.1-py3-none-any.whl (22 kB)
Downloading diffusers-0.40.0-py3-none-any.whl (5.9 MB)
   ━━━━━━━━━━━━━━━━━━━━━━━━━━━━━━━━━━━━━━━━ 5.9/5.9 MB 2.9 MB/s  0:00:02
Downloading hf_transfer-0.1.9-cp38-abi3-manylinux_2_17_x86_64.manylinux2014_x86_64.whl (3.6 MB)
   ━━━━━━━━━━━━━━━━━━━━━━━━━━━━━━━━━━━━━━━━ 3.6/3.6 MB 5.3 MB/s  0:00:00
Downloading importlib_metadata-9.0.1-py3-none-any.whl (27 kB)
Downloading zipp-4.1.0-py3-none-any.whl (10 kB)
Downloading jinja2-3.1.6-py3-none-any.whl (134 kB)
Downloading markupsafe-3.0.3-cp312-cp312-manylinux2014_x86_64.manylinux_2_17_x86_64.manylinux_2_28_x86_64.whl (22 kB)
Downloading msgspec-0.21.1-cp312-cp312-manylinux2014_x86_64.manylinux_2_17_x86_64.manylinux_2_28_x86_64.whl (225 kB)
Downloading nest_asyncio-1.6.0-py3-none-any.whl (5.2 kB)
Downloading pillow-12.3.0-cp312-cp312-manylinux_2_27_x86_64.manylinux_2_28_x86_64.whl (6.9 MB)
   ━━━━━━━━━━━━━━━━━━━━━━━━━━━━━━━━━━━━━━━━ 6.9/6.9 MB 4.7 MB/s  0:00:01
Downloading protobuf-7.36.2-cp310-abi3-manylinux2014_x86_64.whl (343 kB)
Downloading psutil-7.2.2-cp36-abi3-manylinux2010_x86_64.manylinux_2_12_x86_64.manylinux_2_28_x86_64.whl (155 kB)
Downloading torchvision-0.27.1-cp312-cp312-manylinux_2_28_x86_64.whl (7.7 MB)
   ━━━━━━━━━━━━━━━━━━━━━━━━━━━━━━━━━━━━━━━━ 7.7/7.7 MB 5.6 MB/s  0:00:01
Downloading tyro-1.0.16-py3-none-any.whl (216 kB)
Downloading docstring_parser-0.18.0-py3-none-any.whl (22 kB)
Downloading typeguard-4.6.0-py3-none-any.whl (36 kB)
Downloading xxhash-4.0.1-cp312-cp312-manylinux2014_x86_64.manylinux_2_17_x86_64.manylinux_2_28_x86_64.whl (261 kB)
Installing collected packages: torchao, nvidia-cusparselt-cu13, mpmath, cuda-toolkit, zipp, xxhash, urllib3, typing-extensions, triton, tqdm, sympy, structlog, six, shellingham, setuptools, sentencepiece, safetensors, rpds-py, regex, pyyaml, python-dotenv, pygments, pyarrow, psutil, protobuf, propcache, pillow, nvidia-nvtx, nvidia-nvshmem-cu13, nvidia-nvjitlink, nvidia-nccl-cu13, nvidia-curand, nvidia-cufile, nvidia-cuda-runtime, nvidia-cuda-nvrtc, nvidia-cuda-cupti, numpy, networkx, nest-asyncio, multidict, msgspec, mdurl, MarkupSafe, idna, hf-xet, hf_transfer, h11, fsspec, frozenlist, filelock, docstring-parser, dill, cuda-pathfinder, click, charset_normalizer, certifi, attrs, annotated-types, annotated-doc, aiohappyeyeballs, yarl, typing-inspection, typeguard, requests, referencing, python-dateutil, pydantic-core, nvidia-cusparse, nvidia-cufft, nvidia-cublas, multiprocess, markdown-it-py, jinja2, importlib_metadata, httpcore, cuda-bindings, anyio, aiosignal, tyro, rich, pydantic, pandas, nvidia-cusolver, nvidia-cudnn-cu13, jsonschema-specifications, httpx, aiohttp, typer, jsonschema, huggingface_hub, torch, tokenizers, diffusers, datasets, xformers, transformers, torchvision, cut_cross_entropy, bitsandbytes, accelerate, trl, peft, unsloth_zoo, unsloth
  Attempting uninstall: setuptools
    Found existing installation: setuptools 84.0.0
    Uninstalling setuptools-84.0.0:
      Successfully uninstalled setuptools-84.0.0

Successfully installed MarkupSafe-3.0.3 accelerate-1.15.0 aiohappyeyeballs-2.7.1 aiohttp-3.14.3 aiosignal-1.4.0 annotated-doc-0.0.5 annotated-types-0.8.0 anyio-4.15.1 attrs-26.1.0 bitsandbytes-0.50.2 certifi-2026.7.22 charset_normalizer-3.5.1 click-8.5.0 cuda-bindings-13.4.3 cuda-pathfinder-1.8.2 cuda-toolkit-13.0.2 cut_cross_entropy-25.1.1 datasets-4.3.0 diffusers-0.40.0 dill-0.4.0 docstring-parser-0.18.0 filelock-4.0.3 frozenlist-1.8.0 fsspec-2025.9.0 h11-0.16.0 hf-xet-1.6.0 hf_transfer-0.1.9 httpcore-1.0.9 httpx-0.28.1 huggingface_hub-1.33.0 idna-3.20 importlib_metadata-9.0.1 jinja2-3.1.6 jsonschema-4.26.0 jsonschema-specifications-2025.9.1 markdown-it-py-4.2.0 mdurl-0.1.2 mpmath-1.3.0 msgspec-0.21.1 multidict-6.9.1 multiprocess-0.70.16 nest-asyncio-1.6.0 networkx-3.7 numpy-2.5.3 nvidia-cublas-13.1.1.3 nvidia-cuda-cupti-13.0.85 nvidia-cuda-nvrtc-13.0.88 nvidia-cuda-runtime-13.0.96 nvidia-cudnn-cu13-9.20.0.48 nvidia-cufft-12.0.0.61 nvidia-cufile-1.15.1.6 nvidia-curand-10.4.0.35 nvidia-cusolver-12.0.4.66 nvidia-cusparse-12.6.3.3 nvidia-cusparselt-cu13-0.8.1 nvidia-nccl-cu13-2.29.7 nvidia-nvjitlink-13.0.88 nvidia-nvshmem-cu13-3.4.5 nvidia-nvtx-13.0.85 pandas-3.0.6 peft-0.21.0 pillow-12.3.0 propcache-0.5.4 protobuf-7.36.2 psutil-7.2.2 pyarrow-25.0.1 pydantic-2.13.5 pydantic-core-2.46.5 pygments-2.21.0 python-dateutil-2.9.0.post0 python-dotenv-1.2.3 pyyaml-6.0.3 referencing-0.37.0 regex-2026.9.10 requests-2.34.2 rich-15.0.0 rpds-py-2026.6.3 safetensors-0.8.0 sentencepiece-0.2.2 setuptools-81.0.0 shellingham-1.5.4 six-1.17.0 structlog-26.1.0 sympy-1.14.0 tokenizers-0.22.2 torch-2.12.1 torchao-0.18.0 torchvision-0.27.1 tqdm-4.70.1 transformers-5.5.0 triton-3.7.1 trl-0.24.0 typeguard-4.6.0 typer-0.27.2 typing-extensions-4.16.0 typing-inspection-0.4.4 tyro-1.0.16 unsloth-2026.9.11 unsloth_zoo-2026.9.7 urllib3-2.8.0 xformers-0.0.35 xxhash-4.0.1 yarl-1.25.1 zipp-4.1.0
EXIT CODE: 0
